[
    {
        "Index": "1",
        "Customer Id": "dE014d010c7ab0c",
        "First Name": "Andrew",
        "Last Name": "Goodman",
        "Company": "Stewart-Flynn",
        "City": "Rowlandberg",
        "Country": "Macao",
        "Phone 1": "846-790-4623x4715",
        "Phone 2": "(422)787-2331x71127",
        "Email": "marieyates@gomez-spencer.info",
        "Subscription Date": "2021-07-26",
        "Website": "http:\/\/www.shea.biz\/"
    },
    {
        "Index": "2",
        "Customer Id": "2B54172c8b65eC3",
        "First Name": "Alvin",
        "Last Name": "Lane",
        "Company": "Terry, Proctor and Lawrence",
        "City": "Bethside",
        "Country": "Papua New Guinea",
        "Phone 1": "124-597-8652x05682",
        "Phone 2": "321.441.0588x6218",
        "Email": "alexandra86@mccoy.com",
        "Subscription Date": "2021-06-24",
        "Website": "http:\/\/www.pena-cole.com\/"
    },
    {
        "Index": "3",
        "Customer Id": "d794Dd48988d2ac",
        "First Name": "Jenna",
        "Last Name": "Harding",
        "Company": "Bailey Group",
        "City": "Moniquemouth",
        "Country": "China",
        "Phone 1": "(335)987-3085x3780",
        "Phone 2": "001-680-204-8312",
        "Email": "justincurtis@pierce.org",
        "Subscription Date": "2020-04-05",
        "Website": "http:\/\/www.booth-reese.biz\/"
    },
    {
        "Index": "4",
        "Customer Id": "3b3Aa4aCc68f3Be",
        "First Name": "Fernando",
        "Last Name": "Ford",
        "Company": "Moss-Maxwell",
        "City": "Leeborough",
        "Country": "Macao",
        "Phone 1": "(047)752-3122",
        "Phone 2": "048.779.5035x9122",
        "Email": "adeleon@hubbard.org",
        "Subscription Date": "2020-11-29",
        "Website": "http:\/\/www.hebert.com\/"
    },
    {
        "Index": "5",
        "Customer Id": "D60df62ad2ae41E",
        "First Name": "Kara",
        "Last Name": "Woods",
        "Company": "Mccarthy-Kelley",
        "City": "Port Jacksonland",
        "Country": "Nepal",
        "Phone 1": "+1-360-693-4419x19272",
        "Phone 2": "163-627-2565",
        "Email": "jesus90@roberson.info",
        "Subscription Date": "2022-04-22",
        "Website": "http:\/\/merritt.com\/"
    },
    {
        "Index": "6",
        "Customer Id": "8aaa5d0CE9ee311",
        "First Name": "Marissa",
        "Last Name": "Gamble",
        "Company": "Cherry and Sons",
        "City": "Webertown",
        "Country": "Sudan",
        "Phone 1": "001-645-334-5514x0786",
        "Phone 2": "(751)980-3163",
        "Email": "katieallison@leonard.com",
        "Subscription Date": "2021-11-17",
        "Website": "http:\/\/www.kaufman.org\/"
    },
    {
        "Index": "7",
        "Customer Id": "73B22Ac8A43DD1A",
        "First Name": "Julie",
        "Last Name": "Cooley",
        "Company": "Yu, Norman and Sharp",
        "City": "West Sandra",
        "Country": "Japan",
        "Phone 1": "+1-675-243-7422x9177",
        "Phone 2": "(703)337-5903",
        "Email": "priscilla88@stephens.info",
        "Subscription Date": "2022-03-26",
        "Website": "http:\/\/www.sexton-chang.com\/"
    },
    {
        "Index": "8",
        "Customer Id": "DC94CCd993D311b",
        "First Name": "Lauren",
        "Last Name": "Villa",
        "Company": "French, Travis and Hensley",
        "City": "New Yolanda",
        "Country": "Fiji",
        "Phone 1": "081.226.1797x647",
        "Phone 2": "186.540.9690x605",
        "Email": "colehumphrey@austin-caldwell.com",
        "Subscription Date": "2020-08-14",
        "Website": "https:\/\/www.kerr.com\/"
    },
    {
        "Index": "9",
        "Customer Id": "9Ba746Cb790FED9",
        "First Name": "Emily",
        "Last Name": "Bryant",
        "Company": "Moon, Strickland and Combs",
        "City": "East Normanchester",
        "Country": "Seychelles",
        "Phone 1": "430-401-5228x35091",
        "Phone 2": "115-835-3840",
        "Email": "buckyvonne@church-lutz.com",
        "Subscription Date": "2020-12-30",
        "Website": "http:\/\/grimes.com\/"
    },
    {
        "Index": "10",
        "Customer Id": "aAa1EDfaA70DA0c",
        "First Name": "Marie",
        "Last Name": "Estrada",
        "Company": "May Inc",
        "City": "Welchton",
        "Country": "United Arab Emirates",
        "Phone 1": "001-648-790-9244",
        "Phone 2": "973-767-3611",
        "Email": "christie44@mckenzie.biz",
        "Subscription Date": "2020-09-03",
        "Website": "https:\/\/www.salinas.net\/"
    }
]